<html>
<body>
<pre>
<h1>µVision Build Log</h1>
<h2>Tool Versions:</h2>
IDE-Version: ¦ÌVision V5.29.0.0
Copyright (C) 2019 ARM Ltd and ARM Germany GmbH. All rights reserved.
License Information: Administrator,  , LIC=QF82M-XD4T7-FWY2N-YH7HM-EJBCC-C56JY
 
Tool Versions:
Toolchain:       MDK-ARM Plus  Version: 5.27.0.0
Toolchain Path:  C:\Keil_v5\ARM\ARMCC\Bin
C Compiler:      Armcc.exe V5.06 update 6 (build 750)
Assembler:       Armasm.exe V5.06 update 6 (build 750)
Linker/Locator:  ArmLink.exe V5.06 update 6 (build 750)
Library Manager: ArmAr.exe V5.06 update 6 (build 750)
Hex Converter:   FromElf.exe V5.06 update 6 (build 750)
CPU DLL:         SARMCM3.DLL V5.27.0.0
Dialog DLL:      DCM.DLL V1.17.2.0
Target DLL:      CMSIS_AGDI.dll V1.31.9.0
Dialog DLL:      TCM.DLL V1.36.1.0
 
<h2>Project:</h2>
H:\Github\F411-WeAct\BLE102\MDK-ARM\BLE102.uvprojx
Project File Date:  05/23/2021

<h2>Output:</h2>
*** Using Compiler 'V5.06 update 6 (build 750)', folder: 'C:\Keil_v5\ARM\ARMCC\Bin'
Build target 'BLE102'
compiling BLE102.c...
../Core/Inc/usart.h(54): warning:  #1295-D: Deprecated declaration USART1_DMA_OVER - give arg types
  void USART1_DMA_OVER();
../Core/Inc/usart.h(55): warning:  #1295-D: Deprecated declaration USART2_DMA_OVER - give arg types
  void USART2_DMA_OVER();
..\Core\Src\BLE102.c(475): warning:  #177-D: variable "PDATA"  was declared but never referenced
  	uint8_t PDATA[4]={0};
..\Core\Src\BLE102.c: 3 warnings, 0 errors
linking...
Program Size: Code=23316 RO-data=3076 RW-data=2700 ZI-data=3892  
FromELF: creating hex file...
"BLE102\BLE102.axf" - 0 Error(s), 3 Warning(s).

<h2>Software Packages used:</h2>

Package Vendor: ARM
                http://www.keil.com/pack/ARM.CMSIS.5.4.0.pack
                ARM.CMSIS.5.4.0
                CMSIS (Cortex Microcontroller Software Interface Standard)
   * Component: CORE Version: 5.1.2

Package Vendor: Keil
                http://www.keil.com/pack/Keil.STM32F4xx_DFP.2.15.0.pack
                Keil.STM32F4xx_DFP.2.15.0
                STMicroelectronics STM32F4 Series Device Support, Drivers and Examples

<h2>Collection of Component include folders:</h2>
  .\RTE\_BLE102
  C:\Keil_v5\ARM\PACK\ARM\CMSIS\5.4.0\CMSIS\Core\Include
  C:\Keil_v5\ARM\PACK\Keil\STM32F4xx_DFP\2.15.0\Drivers\CMSIS\Device\ST\STM32F4xx\Include

<h2>Collection of Component Files used:</h2>

   * Component: ARM::CMSIS:CORE:5.1.2
Build Time Elapsed:  00:00:03
</pre>
</body>
</html>
