<html>
<body>
<pre>
<h1>µVision Build Log</h1>
<h2>Tool Versions:</h2>
IDE-Version: ¦ÌVision V5.29.0.0
Copyright (C) 2019 ARM Ltd and ARM Germany GmbH. All rights reserved.
License Information:  ,  , LIC=ATTQ1-CXN9N-Y8DFK-ZKPID-RZ7P9-4KWGQ
 
Tool Versions:
Toolchain:       MDK-ARM Plus  Version: 5.29.0.0
Toolchain Path:  E:\Keil5\ARM\ARMCC\Bin
C Compiler:      Armcc.exe V5.06 update 6 (build 750)
Assembler:       Armasm.exe V5.06 update 6 (build 750)
Linker/Locator:  ArmLink.exe V5.06 update 6 (build 750)
Library Manager: ArmAr.exe V5.06 update 6 (build 750)
Hex Converter:   FromElf.exe V5.06 update 6 (build 750)
CPU DLL:         SARMCM3.DLL V5.29.0.0
Dialog DLL:      DCM.DLL V1.17.3.0
Target DLL:      CMSIS_AGDI.dll V1.32.0.0
Dialog DLL:      TCM.DLL V1.36.5.0
 
<h2>Project:</h2>
G:\Github\F411-WeAct\BLE102\MDK-ARM\BLE102.uvprojx
Project File Date:  04/18/2021

<h2>Output:</h2>
*** Using Compiler 'V5.06 update 6 (build 750)', folder: 'E:\Keil5\ARM\ARMCC\Bin'
Build target 'BLE102'
compiling BLE102.c...
../Core/Inc/usart.h(48): warning:  #1295-D: Deprecated declaration UART2_INT_REST - give arg types
  void UART2_INT_REST();
..\Core\Src\BLE102.c(140): warning:  #174-D: expression has no effect
  		for(i;i<UART2_Rx_cnt;i++)
..\Core\Src\BLE102.c(118): warning:  #177-D: variable "DATA_Pari"  was declared but never referenced
  	uint8_t DATA_Pari[50];
..\Core\Src\BLE102.c(119): warning:  #177-D: variable "DATA_Stop"  was declared but never referenced
  	uint8_t DATA_Stop[50];
..\Core\Src\BLE102.c: 4 warnings, 0 errors
linking...
Program Size: Code=13504 RO-data=856 RW-data=60 ZI-data=2532  
FromELF: creating hex file...
"BLE102\BLE102.axf" - 0 Error(s), 4 Warning(s).

<h2>Software Packages used:</h2>

Package Vendor: ARM
                http://www.keil.com/pack/ARM.CMSIS.5.6.0.pack
                ARM.CMSIS.5.6.0
                CMSIS (Cortex Microcontroller Software Interface Standard)
   * Component: CORE Version: 5.3.0

Package Vendor: Keil
                http://www.keil.com/pack/Keil.STM32F4xx_DFP.2.14.0.pack
                Keil.STM32F4xx_DFP.2.14.0
                STMicroelectronics STM32F4 Series Device Support, Drivers and Examples

<h2>Collection of Component include folders:</h2>
  .\RTE\_BLE102
  E:\Keil5pack\ARM\CMSIS\5.6.0\CMSIS\Core\Include
  E:\Keil5pack\Keil\STM32F4xx_DFP\2.14.0\Drivers\CMSIS\Device\ST\STM32F4xx\Include

<h2>Collection of Component Files used:</h2>

   * Component: ARM::CMSIS:CORE:5.3.0
Build Time Elapsed:  00:00:04
</pre>
</body>
</html>
