<html>
<body>
<pre>
<h1>礦ision Build Log</h1>
<h2>Tool Versions:</h2>
IDE-Version: μVision V5.29.0.0
Copyright (C) 2019 ARM Ltd and ARM Germany GmbH. All rights reserved.
License Information:  ,  , LIC=ATTQ1-CXN9N-Y8DFK-ZKPID-RZ7P9-4KWGQ
 
Tool Versions:
Toolchain:       MDK-ARM Plus  Version: 5.29.0.0
Toolchain Path:  E:\Keil5\ARM\ARMCC\Bin
C Compiler:      Armcc.exe V5.06 update 6 (build 750)
Assembler:       Armasm.exe V5.06 update 6 (build 750)
Linker/Locator:  ArmLink.exe V5.06 update 6 (build 750)
Library Manager: ArmAr.exe V5.06 update 6 (build 750)
Hex Converter:   FromElf.exe V5.06 update 6 (build 750)
CPU DLL:         SARMCM3.DLL V5.29.0.0
Dialog DLL:      DCM.DLL V1.17.3.0
Target DLL:      UL2CM3.DLL V1.163.0.0
Dialog DLL:      TCM.DLL V1.36.5.0
 
<h2>Project:</h2>
G:\##学习资料\#嵌入式\WeAct-TC-MiniF4-STM32F4x1-master\SDK\STM32F411CEU6\HAL\STM32F411_USBDISK+FATFS_v20\MDK-ARM\STM32F411_USBDISK+FATFS.uvprojx
Project File Date:  03/30/2021

<h2>Output:</h2>
*** Using Compiler 'V5.06 update 6 (build 750)', folder: 'E:\Keil5\ARM\ARMCC\Bin'
Rebuild target 'STM32F411_USBDISK+FATFS'
assembling startup_stm32f411xe.s...
compiling spi.c...
compiling gpio.c...
compiling rtc.c...
compiling user_diskio.c...
compiling freertos.c...
compiling sys.c...
compiling stm32f4xx_hal_timebase_tim.c...
compiling usb_device.c...
compiling fatfs.c...
compiling main.c...
compiling w25qxx.c...
compiling stm32f4xx_hal_msp.c...
compiling usbd_desc.c...
compiling usbd_conf.c...
compiling stm32f4xx_hal_rcc.c...
compiling stm32f4xx_hal_pcd.c...
compiling stm32f4xx_hal_rcc_ex.c...
compiling stm32f4xx_hal_flash.c...
compiling stm32f4xx_hal_pcd_ex.c...
compiling usbd_storage_if.c...
compiling stm32f4xx_ll_usb.c...
compiling stm32f4xx_it.c...
compiling stm32f4xx_hal_flash_ramfunc.c...
compiling stm32f4xx_hal_flash_ex.c...
compiling stm32f4xx_hal_gpio.c...
compiling stm32f4xx_hal_dma_ex.c...
compiling stm32f4xx_hal_cortex.c...
compiling stm32f4xx_hal_pwr.c...
compiling stm32f4xx_hal_pwr_ex.c...
compiling stm32f4xx_hal_exti.c...
compiling stm32f4xx_hal_rtc.c...
compiling stm32f4xx_hal_spi.c...
compiling stm32f4xx_hal_dma.c...
compiling stm32f4xx_hal.c...
compiling stm32f4xx_hal_rtc_ex.c...
compiling croutine.c...
compiling event_groups.c...
compiling list.c...
compiling stm32f4xx_hal_tim.c...
compiling stm32f4xx_hal_tim_ex.c...
compiling queue.c...
compiling stream_buffer.c...
compiling tasks.c...
compiling timers.c...
compiling heap_4.c...
compiling port.c...
compiling cmsis_os.c...
compiling system_stm32f4xx.c...
compiling ff_gen_drv.c...
compiling diskio.c...
compiling syscall.c...
compiling cc936.c...
compiling usbd_core.c...
compiling ff.c...
compiling usbd_ctlreq.c...
compiling usbd_ioreq.c...
compiling usbd_msc_bot.c...
compiling usbd_msc_data.c...
compiling usbd_msc.c...
compiling usbd_msc_scsi.c...
linking...
Program Size: Code=36016 RO-data=176052 RW-data=464 ZI-data=40360  
FromELF: creating hex file...
"STM32F411_USBDISK+FATFS\STM32F411_USBDISK+FATFS.axf" - 0 Error(s), 0 Warning(s).

<h2>Software Packages used:</h2>

Package Vendor: ARM
                http://www.keil.com/pack/ARM.CMSIS.5.6.0.pack
                ARM.CMSIS.5.6.0
                CMSIS (Cortex Microcontroller Software Interface Standard)
   * Component: CORE Version: 5.3.0

Package Vendor: Keil
                http://www.keil.com/pack/Keil.STM32F4xx_DFP.2.14.0.pack
                Keil.STM32F4xx_DFP.2.14.0
                STMicroelectronics STM32F4 Series Device Support, Drivers and Examples

<h2>Collection of Component include folders:</h2>
  .\RTE\_STM32F411_USBDISK_FATFS
  E:\Keil5pack\ARM\CMSIS\5.6.0\CMSIS\Core\Include
  E:\Keil5pack\Keil\STM32F4xx_DFP\2.14.0\Drivers\CMSIS\Device\ST\STM32F4xx\Include

<h2>Collection of Component Files used:</h2>

   * Component: ARM::CMSIS:CORE:5.3.0
Build Time Elapsed:  00:00:28
</pre>
</body>
</html>
